HP@DESKTOP-776UIM8 MINGW64 ~/Desktop/Estudos
$ git clone https://github.com/PPyter/Desafio-github-DIO.git
Cloning into 'Desafio-github-DIO'...
remote: Enumerating objects: 6, done.
remote: Counting objects: 100% (6/6), done.
remote: Compressing objects: 100% (4/4), done.
remote: Total 6 (delta 0), reused 0 (delta 0), pack-reused 0
Receiving objects: 100% (6/6), done.

HP@DESKTOP-776UIM8 MINGW64 ~/Desktop/Estudos
$ cd Desafio-github-DIO/

HP@DESKTOP-776UIM8 MINGW64 ~/Desktop/Estudos/Desafio-github-DIO (main)
$ git status
On branch main
Your branch is up to date with 'origin/main'.

nothing to commit, working tree clean

HP@DESKTOP-776UIM8 MINGW64 ~/Desktop/Estudos/Desafio-github-DIO (main)
$ git add .

HP@DESKTOP-776UIM8 MINGW64 ~/Desktop/Estudos/Desafio-github-DIO (main)
$ git status
On branch main
Your branch is up to date with 'origin/main'.

nothing to commit, working tree clean

HP@DESKTOP-776UIM8 MINGW64 ~/Desktop/Estudos/Desafio-github-DIO (main)
$ git status
On branch main
Your branch is up to date with 'origin/main'.

Untracked files:
  (use "git add <file>..." to include in what will be committed)
        "PDF introdu\303\247\303\243o programa\303\247\303\243o/"

nothing added to commit but untracked files present (use "git add" to track)

HP@DESKTOP-776UIM8 MINGW64 ~/Desktop/Estudos/Desafio-github-DIO (main)
$ git add .

HP@DESKTOP-776UIM8 MINGW64 ~/Desktop/Estudos/Desafio-github-DIO (main)
$ git s
scalar            show              stage             submodule
send-email        show-branch       stash             switch
shortlog          sparse-checkout   status

HP@DESKTOP-776UIM8 MINGW64 ~/Desktop/Estudos/Desafio-github-DIO (main)
$ git status
On branch main
Your branch is up to date with 'origin/main'.

Changes to be committed:
  (use "git restore --staged <file>..." to unstage)
        new file:   "PDF introdu\303\247\303\243o programa\303\247\303\243o/Introdu\303\247\303\243o a programa\303\247\303\243o.pdf"


HP@DESKTOP-776UIM8 MINGW64 ~/Desktop/Estudos/Desafio-github-DIO (main)
$ git commit -m "Inclusão PDF"
Author identity unknown

*** Please tell me who you are.

Run

  git config --global user.email "you@example.com"
  git config --global user.name "Your Name"

to set your account's default identity.
Omit --global to set the identity only in this repository.

fatal: unable to auto-detect email address (got 'HP@DESKTOP-776UIM8.(none)')

HP@DESKTOP-776UIM8 MINGW64 ~/Desktop/Estudos/Desafio-github-DIO (main)
$ git config --global user.email "pedropaulodejesus2008@gmail.com"

HP@DESKTOP-776UIM8 MINGW64 ~/Desktop/Estudos/Desafio-github-DIO (main)
$ git config --global user.name "PPyter"

HP@DESKTOP-776UIM8 MINGW64 ~/Desktop/Estudos/Desafio-github-DIO (main)
$ ^C

HP@DESKTOP-776UIM8 MINGW64 ~/Desktop/Estudos/Desafio-github-DIO (main)
$ git commit -m "Inclusão PDF"
[main a96f1c9] Inclusão PDF
 1 file changed, 0 insertions(+), 0 deletions(-)
 create mode 100644 "PDF introdu\303\247\303\243o programa\303\247\303\243o/Introdu\303\247\303\243o a programa\303\247\303\243o.pdf"

HP@DESKTOP-776UIM8 MINGW64 ~/Desktop/Estudos/Desafio-github-DIO (main)
$ git push origin main

Enumerating objects: 5, done.
Counting objects: 100% (5/5), done.
Delta compression using up to 8 threads
Compressing objects: 100% (4/4), done.
Writing objects: 100% (4/4), 6.53 MiB | 2.29 MiB/s, done.
Total 4 (delta 0), reused 0 (delta 0), pack-reused 0
To https://github.com/PPyter/Desafio-github-DIO.git
   8578514..a96f1c9  main -> main
